{
    "model": "gpt-4",
    "max_tokens": 1000,
    "temperature": 0.7,
    "stream": true,
    "echo": false,
    "n": 1,
    "suffix": null,
    "top_p": 0.9,
    "presence_penalty": 0,
    "frequency_penalty": 0,
    "best_of": 1,
    "stop": [
        "STOP",
        "END"
    ]
}