{
    "model": "gpt-4-turbo",
    "max_tokens": 1000,
    "temperature": 0.7,
    "stream": true,
    "n": 1,
    "top_p": 0.9,
    "presence_penalty": 0,
    "frequency_penalty": 0,
    "stop": [
        "STOP",
        "END"
    ]
}