{
    "model": "whisper-1",
    "temperature": 0.7,
    "response_format": "json"
}