{
    "model": "gpt-4-edit",
    "temperature": 0.7,
    "top_p": 0.9
}